// Jest Snapshot v1, https://goo.gl/fbAQLP

exports[`TableHeadDesktop DOM rendering renders correctly 1`] = `
<thead>
  <TableHeadDefaultRow
    columns={
      Array [
        Object {
          "name": "Test column 1",
          "short": "TC1",
        },
      ]
    }
    hiddenMode={false}
    title="Test title"
  />
</thead>
`;
