// Jest Snapshot v1, https://goo.gl/fbAQLP

exports[`TableBodyStatsCell DOM rendering renders correctly with value 1`] = `
<td
  className="general test-stat-name"
  title="Translated: \\"Test stat name\\""
/>
`;

exports[`TableBodyStatsCell DOM rendering renders correctly without value 1`] = `
<td
  className="general test-stat-name"
  title="Translated: \\"Test stat name\\""
/>
`;
