// Jest Snapshot v1, https://goo.gl/fbAQLP

exports[`Legend DOM rendering renders correctly with empty items list 1`] = `
<ul
  className="legend"
>
  
</ul>
`;

exports[`Legend DOM rendering renders correctly with items 1`] = `
<ul
  className="legend"
>
  <li>
    <div
      className="circle"
    >
      <PositionCircle
        color="GREEN"
      />
    </div>
    <p>
      0th item
    </p>
  </li>
  <li>
    <div
      className="circle"
    >
      <PositionCircle
        color="LIGHT_GREEN"
      />
    </div>
    <p>
      1th item
    </p>
  </li>
  <li>
    <div
      className="circle"
    >
      <PositionCircle
        color="ORANGE"
      />
    </div>
    <p>
      2th item
    </p>
  </li>
  <li>
    <div
      className="circle"
    >
      <PositionCircle
        color="LIGHT_ORANGE"
      />
    </div>
    <p>
      3th item
    </p>
  </li>
  <li>
    <div
      className="circle"
    >
      <PositionCircle
        color="RED"
      />
    </div>
    <p>
      4th item
    </p>
  </li>
  <li>
    <div
      className="circle"
    >
      <PositionCircle
        color="LIGHT_RED"
      />
    </div>
    <p>
      5th item
    </p>
  </li>
  <li>
    <div
      className="circle"
    >
      <PositionCircle
        color="TRANSPARENT"
      />
    </div>
    <p>
      6th item
    </p>
  </li>
</ul>
`;
