// Jest Snapshot v1, https://goo.gl/fbAQLP

exports[`Legend DOM rendering renders correctly with empty items list 1`] = `
<ul
  className="legend"
>
  
</ul>
`;

exports[`Legend DOM rendering renders correctly with items 1`] = `
<ul
  className="legend"
>
  <li>
    <div
      className="circle"
    >
      <PositionCircle
        color="KambiWidget-box--win"
      />
    </div>
    <p>
      0th item
    </p>
  </li>
  <li>
    <div
      className="circle"
    >
      <PositionCircle
        color="KambiWidget-box--win light"
      />
    </div>
    <p>
      1th item
    </p>
  </li>
  <li>
    <div
      className="circle"
    >
      <PositionCircle
        color="KambiWidget-box--draw"
      />
    </div>
    <p>
      2th item
    </p>
  </li>
  <li>
    <div
      className="circle"
    >
      <PositionCircle
        color="KambiWidget-box--draw light"
      />
    </div>
    <p>
      3th item
    </p>
  </li>
  <li>
    <div
      className="circle"
    >
      <PositionCircle
        color="KambiWidget-box--lose"
      />
    </div>
    <p>
      4th item
    </p>
  </li>
  <li>
    <div
      className="circle"
    >
      <PositionCircle
        color="KambiWidget-box--lose light"
      />
    </div>
    <p>
      5th item
    </p>
  </li>
  <li>
    <div
      className="circle"
    >
      <PositionCircle
        color="transparent"
      />
    </div>
    <p>
      6th item
    </p>
  </li>
</ul>
`;
